// Jest Snapshot v1, https://goo.gl/fbAQLP

exports[`Test Player component should render correctly 1`] = `
<div
  class="player"
>
  <span
    class="player-score"
  >
    Player 1: 
  </span>
  <img
    alt="code"
    class="card-image"
    data-testid="code"
    src="image"
  />
  <img
    alt="code2"
    class="card-image"
    data-testid="code2"
    src="image2"
  />
</div>
`;
