// Jest Snapshot v1, https://goo.gl/fbAQLP

exports[`Test App component should render correctly 1`] = `
<div
  class="game"
>
  <h1
    class="title"
  >
    Select number of players
  </h1>
  <button
    class="button"
    data-testid="game-intro-button-2"
  >
    2
     players
  </button>
  <button
    class="button"
    data-testid="game-intro-button-3"
  >
    3
     players
  </button>
  <button
    class="button"
    data-testid="game-intro-button-4"
  >
    4
     players
  </button>
</div>
`;

exports[`Test App component should render correctly 2`] = `
<div
  class="game"
>
  <div
    class="game-board"
  >
    <div
      class="board"
    />
    <div
      class="player"
    >
      <span
        class="player-score"
      >
        Player 1: 
      </span>
    </div>
    <div
      class="computer-player computer-player2"
    >
      <div
        class="computer-player-score"
      >
        Player 
        2
        : 
      </div>
      <img
        alt="background"
        class="computer-player-img"
        src="card-background.png"
      />
    </div>
  </div>
</div>
`;

exports[`Test App component should render loading state 1`] = `
<div
  class="game"
>
  <img
    alt="loading"
    src="loading.gif"
  />
</div>
`;
